E1_SelectorAllowlist_Test:test_Pass_WhenAllowed() (gas: 30269)
E1_SelectorAllowlist_Test:test_Revert_AfterDisabled() (gas: 22355)
E1_SelectorAllowlist_Test:test_Revert_WhenNotAllowed() (gas: 10696)
E1_TargetAllowlist_Test:test_Pass_WhenAllowed() (gas: 29948)
E1_TargetAllowlist_Test:test_Revert_AfterDisabled() (gas: 22048)
E1_TargetAllowlist_Test:test_Revert_WhenNotAllowed() (gas: 10597)
E2_ApprovalCap_Test:test_Pass_AtCap() (gas: 5527)
E2_ApprovalCap_Test:test_Pass_BelowCap() (gas: 5566)
E2_ApprovalCap_Test:test_Revert_AboveCap() (gas: 8420)
E2_TokenAmountCap_Test:test_Pass_AtCap() (gas: 5527)
E2_TokenAmountCap_Test:test_Pass_BelowCap() (gas: 5566)
E2_TokenAmountCap_Test:test_Revert_AboveCap() (gas: 8420)
E2_ValueCap_Test:test_Pass_AtCap() (gas: 5527)
E2_ValueCap_Test:test_Pass_BelowCap() (gas: 5566)
E2_ValueCap_Test:test_Revert_AboveCap() (gas: 8420)
E3_CumulativeDailyCap_Test:test_ReadOnly_Pass_DoesNotPersist() (gas: 9639)
E3_CumulativeDailyCap_Test:test_ReadOnly_Revert_AboveCap() (gas: 11079)
E3_CumulativeDailyCap_Test:test_ReadWrite_Pass_Accumulates() (gas: 32640)
E3_CumulativeDailyCap_Test:test_ReadWrite_ResetsOnNewDay() (gas: 35860)
E3_CumulativeDailyCap_Test:test_ReadWrite_Revert_CumulativeOverCap() (gas: 32360)
E3_Expiry_Test:test_Pass_AtExpiry() (gas: 28281)
E3_Expiry_Test:test_Pass_BeforeExpiry() (gas: 28356)
E3_Expiry_Test:test_Revert_AfterExpiry() (gas: 31608)
E3_Revocation_Test:test_Pass_WhenActive() (gas: 28417)
E3_Revocation_Test:test_Revert_AfterRevoked() (gas: 21592)
E3_Revocation_Test:test_Revert_WhenDefaultInactive() (gas: 10398)
EscrowBasicTest:test_DailyCounter_ResetsOnNewDay() (gas: 215079)
EscrowBasicTest:test_HappyPath_SettleWithinCap() (gas: 190863)
EscrowBasicTest:test_SetPolicy_RevertWhen_NotUser() (gas: 9472)
EscrowBasicTest:test_Settle_RevertWhen_ExceedsDailyCap() (gas: 201174)
EscrowBasicTest:test_Settle_RevertWhen_ExceedsPerRequest() (gas: 130178)
EscrowBasicTest:test_Settle_RevertWhen_Expired() (gas: 130640)
EscrowBasicTest:test_Settle_RevertWhen_InsufficientBalance() (gas: 133250)
EscrowBasicTest:test_Settle_RevertWhen_Revoked() (gas: 111681)