BatchCurveTest:test_Baseline0_NoPolicy() (gas: 1347278)
BatchCurveTest:test_Baseline1_E2Only() (gas: 1423219)
BatchCurveTest:test_Baseline2_FullE3() (gas: 1497356)
CalldataIdenticalTest:test_HonestAndMalicious_AreIndistinguishableToEscrow() (gas: 115417)
CalldataIdenticalTest:test_NoPolicyPrimitiveCanDistinguish() (gas: 526)
CrossHopEscapeTest:test_LocalOnly_AllowsEscape() (gas: 381473)
CrossHopEscapeTest:test_SingleHop_CannotExceedOwnCap() (gas: 212753)
DepthBoundEscapeTest:test_DepthBound_Enforced() (gas: 334176)
DepthBoundEscapeTest:test_DepthLegal_EscapeStillPossible() (gas: 452402)
E1_Allowlist_GasTest:test_gas_E1_Selector_pass_cold() (gas: 14076)
E1_Allowlist_GasTest:test_gas_E1_Selector_pass_warm() (gas: 15213)
E1_Allowlist_GasTest:test_gas_E1_Selector_revert_cold() (gas: 14251)
E1_Allowlist_GasTest:test_gas_E1_Selector_revert_warm() (gas: 15367)
E1_Allowlist_GasTest:test_gas_E1_TargetEqualsSelector_pass_cold() (gas: 24748)
E1_Allowlist_GasTest:test_gas_E1_TargetEqualsSelector_revert_cold() (gas: 21062)
E1_Allowlist_GasTest:test_gas_E1_Target_pass_cold() (gas: 14140)
E1_Allowlist_GasTest:test_gas_E1_Target_pass_warm() (gas: 15094)
E1_Allowlist_GasTest:test_gas_E1_Target_revert_cold() (gas: 14167)
E1_Allowlist_GasTest:test_gas_E1_Target_revert_warm() (gas: 15242)
E1_SelectorAllowlist_Test:test_Pass_WhenAllowed() (gas: 30269)
E1_SelectorAllowlist_Test:test_Revert_AfterDisabled() (gas: 22355)
E1_SelectorAllowlist_Test:test_Revert_WhenNotAllowed() (gas: 10696)
E1_TargetAllowlist_Test:test_Pass_WhenAllowed() (gas: 29948)
E1_TargetAllowlist_Test:test_Revert_AfterDisabled() (gas: 22048)
E1_TargetAllowlist_Test:test_Revert_WhenNotAllowed() (gas: 10597)
E2_ApprovalCap_Test:test_Pass_AtCap() (gas: 5527)
E2_ApprovalCap_Test:test_Pass_BelowCap() (gas: 5566)
E2_ApprovalCap_Test:test_Revert_AboveCap() (gas: 8420)
E2_Cap_GasTest:test_gas_E2_AllThree_PassEqual() (gas: 28806)
E2_Cap_GasTest:test_gas_E2_AllThree_RevertEqual() (gas: 23548)
E2_Cap_GasTest:test_gas_E2_ValueCap_pass() (gas: 11837)
E2_Cap_GasTest:test_gas_E2_ValueCap_revert() (gas: 12039)
E2_TokenAmountCap_Test:test_Pass_AtCap() (gas: 5527)
E2_TokenAmountCap_Test:test_Pass_BelowCap() (gas: 5566)
E2_TokenAmountCap_Test:test_Revert_AboveCap() (gas: 8420)
E2_ValueCap_Test:test_Pass_AtCap() (gas: 5527)
E2_ValueCap_Test:test_Pass_BelowCap() (gas: 5566)
E2_ValueCap_Test:test_Revert_AboveCap() (gas: 8420)
E3_CumulativeDailyCap_GasTest:test_gas_E3_DailyCap_readOnly_cold() (gas: 14446)
E3_CumulativeDailyCap_GasTest:test_gas_E3_DailyCap_readWrite_cold_reset() (gas: 17722)
E3_CumulativeDailyCap_GasTest:test_gas_E3_DailyCap_readWrite_cold_set() (gas: 34797)
E3_CumulativeDailyCap_GasTest:test_gas_E3_DailyCap_readWrite_sameTxDirty() (gas: 19923)
E3_CumulativeDailyCap_GasTest:test_gas_E3_DailyCap_revert_cold() (gas: 14673)
E3_CumulativeDailyCap_Test:test_ReadOnly_Pass_DoesNotPersist() (gas: 9639)
E3_CumulativeDailyCap_Test:test_ReadOnly_Revert_AboveCap() (gas: 11079)
E3_CumulativeDailyCap_Test:test_ReadWrite_Pass_Accumulates() (gas: 32640)
E3_CumulativeDailyCap_Test:test_ReadWrite_ResetsOnNewDay() (gas: 35860)
E3_CumulativeDailyCap_Test:test_ReadWrite_Revert_CumulativeOverCap() (gas: 32360)
E3_DelegationDepth_GasTest:test_gas_E3_DelegationDepth_pass() (gas: 11813)
E3_DelegationDepth_GasTest:test_gas_E3_DelegationDepth_revert() (gas: 11991)
E3_DelegationDepth_Test:test_AtMax_Passes() (gas: 5462)
E3_DelegationDepth_Test:test_BelowMax_Passes() (gas: 5503)
E3_DelegationDepth_Test:test_OneOverMax_Reverts() (gas: 8712)
E3_DelegationDepth_Test:test_OverMax_Reverts() (gas: 8767)
E3_Expiry_Test:test_Pass_AtExpiry() (gas: 28281)
E3_Expiry_Test:test_Pass_BeforeExpiry() (gas: 28356)
E3_Expiry_Test:test_Revert_AfterExpiry() (gas: 31608)
E3_Read_GasTest:test_gas_E3_Expiry_pass_cold() (gas: 13790)
E3_Read_GasTest:test_gas_E3_Expiry_pass_warm() (gas: 14662)
E3_Read_GasTest:test_gas_E3_Expiry_revert_cold() (gas: 13914)
E3_Read_GasTest:test_gas_E3_Expiry_revert_warm() (gas: 14643)
E3_Read_GasTest:test_gas_E3_Revocation_pass_cold() (gas: 13750)
E3_Read_GasTest:test_gas_E3_Revocation_pass_warm() (gas: 14554)
E3_Read_GasTest:test_gas_E3_Revocation_revert_cold() (gas: 13846)
E3_Read_GasTest:test_gas_E3_Revocation_revert_warm() (gas: 14650)
E3_Revocation_Test:test_Pass_WhenActive() (gas: 28417)
E3_Revocation_Test:test_Revert_AfterRevoked() (gas: 21592)
E3_Revocation_Test:test_Revert_WhenDefaultInactive() (gas: 10398)
E3_SlidingWindowRateLimit_Test:test_AdjacentWindow_Elapsed0_PrevFullWeight_Reverts() (gas: 37599)
E3_SlidingWindowRateLimit_Test:test_AdjacentWindow_ElapsedMax_PrevZeroWeight_Passes() (gas: 38999)
E3_SlidingWindowRateLimit_Test:test_GapTwoWindows_ResetsBoth() (gas: 38877)
E3_SlidingWindowRateLimit_Test:test_MaxOne_AdmitsExactlyOnePerFreshWindow() (gas: 39097)
E3_SlidingWindowRateLimit_Test:test_MaxZero_AlwaysReverts() (gas: 12382)
E3_SlidingWindowRateLimit_Test:test_OffByOne_ExactCapPassesThenReverts() (gas: 40907)
E3_SlidingWindowRateLimit_Test:test_ReadOnly_Pass_DoesNotPersist() (gas: 13401)
E3_SlidingWindowRateLimit_Test:test_ReadOnly_Revert_OverCap() (gas: 33606)
E3_SlidingWindowRateLimit_Test:test_ReadWrite_SameWindow_Accumulates() (gas: 36167)
E3_SlidingWindowRateLimit_Test:test_WeightOverflow_FailsClosed() (gas: 33234)
E3_SlidingWindowRateLimit_Test:test_ZeroWindow_FailsClosed() (gas: 11497)
E3_SlidingWindow_GasTest:test_gas_E3_SlidingWindow_adjacentShift() (gas: 19085)
E3_SlidingWindow_GasTest:test_gas_E3_SlidingWindow_reset() (gas: 18959)
E3_SlidingWindow_GasTest:test_gas_E3_SlidingWindow_revert() (gas: 15773)
E3_SlidingWindow_GasTest:test_gas_E3_SlidingWindow_sameTxDirty() (gas: 22412)
E3_SlidingWindow_GasTest:test_gas_E3_SlidingWindow_set() (gas: 36085)
EscrowBasicTest:test_DailyCounter_ResetsOnNewDay() (gas: 215079)
EscrowBasicTest:test_HappyPath_SettleWithinCap() (gas: 190863)
EscrowBasicTest:test_SetPolicy_RevertWhen_NotUser() (gas: 9472)
EscrowBasicTest:test_Settle_RevertWhen_ExceedsDailyCap() (gas: 201174)
EscrowBasicTest:test_Settle_RevertWhen_ExceedsPerRequest() (gas: 130178)
EscrowBasicTest:test_Settle_RevertWhen_Expired() (gas: 130640)
EscrowBasicTest:test_Settle_RevertWhen_InsufficientBalance() (gas: 133250)
EscrowBasicTest:test_Settle_RevertWhen_Revoked() (gas: 111681)
Escrow_E2OnlyTest:test_batchDeduct_lengthMismatch_reverts() (gas: 10218)
Escrow_E2OnlyTest:test_batchDeduct_multiple_within_cap() (gas: 196732)
Escrow_E2OnlyTest:test_batchDeduct_oneAmountOverCap_reverts() (gas: 13203)
Escrow_E2OnlyTest:test_batchDeduct_single_within_cap() (gas: 51060)
Escrow_E2OnlyTest:test_batchDeduct_totalOverBalance_reverts() (gas: 400733)
Escrow_E2OnlyTest:test_setPolicy_notUser_reverts() (gas: 8980)
PlainBatchTransferTest:test_transferLoop_lengthMismatch_reverts() (gas: 10396)
PlainBatchTransferTest:test_transferLoop_multipleRecipients_perAmount() (gas: 186791)
PlainBatchTransferTest:test_transferLoop_singleRecipient_transfersFullAmount() (gas: 42185)
PlainBatchTransferTest:test_transferLoop_zeroLength_isNoop() (gas: 6664)